// Jest Snapshot v1, https://goo.gl/fbAQLP

exports[`edit redelivery page should render the form correctly 1`] = `
<div>
  <h2>
    Edit Redelivery
  </h2>
  <RedeliveryForm
    onSubmit={[Function]}
    redelivery={
      Object {
        "addressNo": 7,
        "cardId": "376363",
        "id": "3",
        "latestScan": 1325376000000,
        "parcelId": "JD0002289756470005",
        "requestDate": 1325376000000,
      }
    }
  />
  <button
    onClick={[Function]}
  >
    Delete Redelivery
  </button>
</div>
`;
